read	rump___sysimpl_read
write	rump___sysimpl_write
open	rump___sysimpl_open
close	rump___sysimpl_close
link	rump___sysimpl_link
unlink	rump___sysimpl_unlink
chdir	rump___sysimpl_chdir
fchdir	rump___sysimpl_fchdir
mknod	rump___sysimpl_mknod
chmod	rump___sysimpl_chmod
chown	rump___sysimpl_chown
getpid	rump___sysimpl_getpid
unmount	rump___sysimpl_unmount
setuid	rump___sysimpl_setuid
getuid	rump___sysimpl_getuid
geteuid	rump___sysimpl_geteuid
recvmsg	rump___sysimpl_recvmsg
sendmsg	rump___sysimpl_sendmsg
recvfrom	rump___sysimpl_recvfrom
accept	rump___sysimpl_accept
getpeername	rump___sysimpl_getpeername
getsockname	rump___sysimpl_getsockname
access	rump___sysimpl_access
chflags	rump___sysimpl_chflags
fchflags	rump___sysimpl_fchflags
sync	rump___sysimpl_sync
getppid	rump___sysimpl_getppid
dup	rump___sysimpl_dup
pipe	rump_sys_pipe
getegid	rump___sysimpl_getegid
ktrace	rump___sysimpl_ktrace
getgid	rump___sysimpl_getgid
__getlogin	rump___sysimpl___getlogin
__setlogin	rump___sysimpl___setlogin
ioctl	rump___sysimpl_ioctl
revoke	rump___sysimpl_revoke
symlink	rump___sysimpl_symlink
readlink	rump___sysimpl_readlink
umask	rump___sysimpl_umask
chroot	rump___sysimpl_chroot
getgroups	rump___sysimpl_getgroups
setgroups	rump___sysimpl_setgroups
getpgrp	rump___sysimpl_getpgrp
setpgid	rump___sysimpl_setpgid
dup2	rump___sysimpl_dup2
fcntl	rump___sysimpl_fcntl
select	rump___sysimpl_select
fsync	rump___sysimpl_fsync
connect	rump___sysimpl_connect
bind	rump___sysimpl_bind
setsockopt	rump___sysimpl_setsockopt
listen	rump___sysimpl_listen
getsockopt	rump___sysimpl_getsockopt
readv	rump___sysimpl_readv
writev	rump___sysimpl_writev
fchown	rump___sysimpl_fchown
fchmod	rump___sysimpl_fchmod
setreuid	rump___sysimpl_setreuid
setregid	rump___sysimpl_setregid
rename	rump___sysimpl_rename
flock	rump___sysimpl_flock
mkfifo	rump___sysimpl_mkfifo
sendto	rump___sysimpl_sendto
shutdown	rump___sysimpl_shutdown
socketpair	rump___sysimpl_socketpair
mkdir	rump___sysimpl_mkdir
rmdir	rump___sysimpl_rmdir
utimes	rump___sysimpl_utimes
setsid	rump___sysimpl_setsid
nfssvc	rump___sysimpl_nfssvc
pread	rump___sysimpl_pread
pwrite	rump___sysimpl_pwrite
setgid	rump___sysimpl_setgid
setegid	rump___sysimpl_setegid
seteuid	rump___sysimpl_seteuid
pathconf	rump___sysimpl_pathconf
fpathconf	rump___sysimpl_fpathconf
getrlimit	rump___sysimpl_getrlimit
setrlimit	rump___sysimpl_setrlimit
lseek	rump___sysimpl_lseek
truncate	rump___sysimpl_truncate
ftruncate	rump___sysimpl_ftruncate
__sysctl	rump___sysimpl___sysctl
futimes	rump___sysimpl_futimes
getpgid	rump___sysimpl_getpgid
reboot	rump___sysimpl_reboot
poll	rump___sysimpl_poll
timer_create	rump___sysimpl_timer_create
timer_delete	rump___sysimpl_timer_delete
timer_getoverrun	rump___sysimpl_timer_getoverrun
fdatasync	rump___sysimpl_fdatasync
modctl	rump___sysimpl_modctl
_ksem_init	rump___sysimpl__ksem_init
_ksem_open	rump___sysimpl__ksem_open
_ksem_unlink	rump___sysimpl__ksem_unlink
_ksem_close	rump___sysimpl__ksem_close
_ksem_post	rump___sysimpl__ksem_post
_ksem_wait	rump___sysimpl__ksem_wait
_ksem_trywait	rump___sysimpl__ksem_trywait
_ksem_getvalue	rump___sysimpl__ksem_getvalue
_ksem_destroy	rump___sysimpl__ksem_destroy
_ksem_timedwait	rump___sysimpl__ksem_timedwait
__posix_rename	rump___sysimpl___posix_rename
lchmod	rump___sysimpl_lchmod
lchown	rump___sysimpl_lchown
lutimes	rump___sysimpl_lutimes
__posix_chown	rump___sysimpl___posix_chown
__posix_fchown	rump___sysimpl___posix_fchown
__posix_lchown	rump___sysimpl___posix_lchown
getsid	rump___sysimpl_getsid
fktrace	rump___sysimpl_fktrace
preadv	rump___sysimpl_preadv
pwritev	rump___sysimpl_pwritev
__getcwd	rump___sysimpl___getcwd
fchroot	rump___sysimpl_fchroot
lchflags	rump___sysimpl_lchflags
issetugid	rump___sysimpl_issetugid
utrace	rump___sysimpl_utrace
kqueue	rump___sysimpl_kqueue
kevent	rump___sysimpl_kevent
fsync_range	rump___sysimpl_fsync_range
getvfsstat	rump___sysimpl_getvfsstat
statvfs1	rump___sysimpl_statvfs1
fstatvfs1	rump___sysimpl_fstatvfs1
extattrctl	rump___sysimpl_extattrctl
extattr_set_file	rump___sysimpl_extattr_set_file
extattr_get_file	rump___sysimpl_extattr_get_file
extattr_delete_file	rump___sysimpl_extattr_delete_file
extattr_set_fd	rump___sysimpl_extattr_set_fd
extattr_get_fd	rump___sysimpl_extattr_get_fd
extattr_delete_fd	rump___sysimpl_extattr_delete_fd
extattr_set_link	rump___sysimpl_extattr_set_link
extattr_get_link	rump___sysimpl_extattr_get_link
extattr_delete_link	rump___sysimpl_extattr_delete_link
extattr_list_fd	rump___sysimpl_extattr_list_fd
extattr_list_file	rump___sysimpl_extattr_list_file
extattr_list_link	rump___sysimpl_extattr_list_link
pselect	rump___sysimpl_pselect
pollts	rump___sysimpl_pollts
setxattr	rump___sysimpl_setxattr
lsetxattr	rump___sysimpl_lsetxattr
fsetxattr	rump___sysimpl_fsetxattr
getxattr	rump___sysimpl_getxattr
lgetxattr	rump___sysimpl_lgetxattr
fgetxattr	rump___sysimpl_fgetxattr
listxattr	rump___sysimpl_listxattr
llistxattr	rump___sysimpl_llistxattr
flistxattr	rump___sysimpl_flistxattr
removexattr	rump___sysimpl_removexattr
lremovexattr	rump___sysimpl_lremovexattr
fremovexattr	rump___sysimpl_fremovexattr
__stat30	rump___sysimpl_stat30
__fstat30	rump___sysimpl_fstat30
__lstat30	rump___sysimpl_lstat30
__getdents30	rump___sysimpl_getdents30
__socket30	rump___sysimpl_socket30
__getfh30	rump___sysimpl_getfh30
__fhopen40	rump___sysimpl_fhopen40
__fhstatvfs140	rump___sysimpl_fhstatvfs140
__fhstat40	rump___sysimpl_fhstat40
aio_cancel	rump___sysimpl_aio_cancel
aio_error	rump___sysimpl_aio_error
aio_fsync	rump___sysimpl_aio_fsync
aio_read	rump___sysimpl_aio_read
aio_return	rump___sysimpl_aio_return
aio_write	rump___sysimpl_aio_write
lio_listio	rump___sysimpl_lio_listio
__mount50	rump___sysimpl_mount50
__posix_fadvise50	rump___sysimpl_posix_fadvise50
__select50	rump___sysimpl_select50
__gettimeofday50	rump___sysimpl_gettimeofday50
__settimeofday50	rump___sysimpl_settimeofday50
__utimes50	rump___sysimpl_utimes50
__adjtime50	rump___sysimpl_adjtime50
__futimes50	rump___sysimpl_futimes50
__lutimes50	rump___sysimpl_lutimes50
__setitimer50	rump___sysimpl_setitimer50
__getitimer50	rump___sysimpl_getitimer50
__clock_gettime50	rump___sysimpl_clock_gettime50
__clock_settime50	rump___sysimpl_clock_settime50
__clock_getres50	rump___sysimpl_clock_getres50
__nanosleep50	rump___sysimpl_nanosleep50
__kevent50	rump___sysimpl_kevent50
__pselect50	rump___sysimpl_pselect50
__pollts50	rump___sysimpl_pollts50
__aio_suspend50	rump___sysimpl_aio_suspend50
__stat50	rump___sysimpl_stat50
__fstat50	rump___sysimpl_fstat50
__lstat50	rump___sysimpl_lstat50
__timer_settime50	rump___sysimpl_timer_settime50
__timer_gettime50	rump___sysimpl_timer_gettime50
__mknod50	rump___sysimpl_mknod50
__fhstat50	rump___sysimpl_fhstat50
pipe2	rump___sysimpl_pipe2
dup3	rump___sysimpl_dup3
kqueue1	rump___sysimpl_kqueue1
paccept	rump___sysimpl_paccept
linkat	rump___sysimpl_linkat
renameat	rump___sysimpl_renameat
mkfifoat	rump___sysimpl_mkfifoat
mknodat	rump___sysimpl_mknodat
mkdirat	rump___sysimpl_mkdirat
faccessat	rump___sysimpl_faccessat
fchmodat	rump___sysimpl_fchmodat
fchownat	rump___sysimpl_fchownat
fstatat	rump___sysimpl_fstatat
utimensat	rump___sysimpl_utimensat
openat	rump___sysimpl_openat
readlinkat	rump___sysimpl_readlinkat
symlinkat	rump___sysimpl_symlinkat
unlinkat	rump___sysimpl_unlinkat
futimens	rump___sysimpl_futimens
__quotactl	rump___sysimpl___quotactl
recvmmsg	rump___sysimpl_recvmmsg
sendmmsg	rump___sysimpl_sendmmsg
clock_nanosleep	rump___sysimpl_clock_nanosleep
posix_fallocate	rump___sysimpl_posix_fallocate
fdiscard	rump___sysimpl_fdiscard
mmap		emul_mmap
munmap		emul_munmap
madvise		emul_madvise
minherit	emul_minherit
setpriority	emul_setpriority
execve		emul_execve
__getrusage50	emul__getrusage50
__vfork14	emul__vfork14
__fork		emul__fork
_exit		emul__exit
__sigaction14	emul___sigaction14
__sigprocmask14	emul___sigprocmask14
__sigsuspend14	emul___sigsuspend14
__sigaction_sigtramp	emul___sigaction_sigtramp
__wait450	emul___wait450
kill		emul_kill
undelete	emul_undelete
uuidgen		emul_uuidgen
sigqueueinfo	emul_sigqueueinfo
_lwp_kill	emul__lwp_kill
_lwp_self	emul__lwp_self
_setcontext     emul__setcontext
__libc_static_tls_setup	emul___libc_static_tls_setup
