aio_suspend	_aio_suspend
brk	_brk
catclose	_catclose
catgets	_catgets
catopen	_catopen
catopen_l	_catopen_l
daylight	_daylight
difftime	_difftime
devname_r	_devname_r
err	_err
errc	_errc
errx	_errx
fileno	_fileno
fork	_fork
fseeko	_fseeko
ftello	_ftello
getcontext	_getcontext
getenv_r	_getenv_r
imaxabs	_imaxabs
imaxdiv	_imaxdiv
inet_aton	_inet_aton
inet_pton	_inet_pton
pipe	_pipe
sbrk	_sbrk
strerror_l	_strerror_l
strerror_r	_strerror_r
strlcat	_strlcat
strlcpy	_strlcpy
strtod_l	_strtod_l
strtof	_strtof
strtof_l	_strtof_l
strtoi	_strtoi
strtoi_l	_strtoi_l
strtoimax	_strtoimax
strtoimax_l	_strtoimax_l
strtold	_strtold
strtold_l	_strtold_l
strtoll	_strtoll
strtoll_l	_strtoll_l
strtou	_strtou
strtou_l	_strtou_l
strtoull	_strtoull
strtoull_l	_strtoull_l
strtoumax	_strtoumax
strtoumax_l	_strtoumax_l
sys_errlist	_sys_errlist
sys_nerr	_sys_nerr
sys_siglist	_sys_siglist
sys_nsig	_sys_nsig
sysconf	__sysconf
verr	_verr
verrc	_verrc
verrx	_verrx
vwarn	_vwarn
vwarnc	_vwarnc
vwarnx	_vwarnx
warn	_warn
warnc	_warnc
warnx	_warnx
MD2Data	_MD2Data
MD2End	_MD2End
MD2FileChunk	_MD2FileChunk
MD2File	_MD2File
MD2Final	_MD2Final
MD2Init	_MD2Init
MD2Transform	_MD2Transform
MD2Update	_MD2Update
MD4Data	_MD4Data
MD4End	_MD4End
MD4FileChunk	_MD4FileChunk
MD4File	_MD4File
MD4Final	_MD4Final
MD4Init	_MD4Init
MD4Transform	_MD4Transform
MD4Update	_MD4Update
MD5Data	_MD5Data
MD5End	_MD5End
MD5FileChunk	_MD5FileChunk
MD5File	_MD5File
MD5Final	_MD5Final
MD5Init	_MD5Init
MD5Transform	_MD5Transform
MD5Update	_MD5Update
RMD160Data	_RMD160Data
RMD160End	_RMD160End
RMD160FileChunk	_RMD160FileChunk
RMD160File	_RMD160File
RMD160Final	_RMD160Final
RMD160Init	_RMD160Init
RMD160Transform	_RMD160Transform
RMD160Update	_RMD160Update
SHA1Data	_SHA1Data
SHA1End	_SHA1End
SHA1FileChunk	_SHA1FileChunk
SHA1File	_SHA1File
SHA1Final	_SHA1Final
SHA1Init	_SHA1Init
SHA1Transform	_SHA1Transform
SHA1Update	_SHA1Update
SHA224_Data	_SHA224_Data
SHA224_End	_SHA224_End
SHA224_FileChunk	_SHA224_FileChunk
SHA224_File	_SHA224_File
SHA224_Final	_SHA224_Final
SHA224_Init	_SHA224_Init
SHA224_Transform	_SHA224_Transform
SHA224_Update	_SHA224_Update
SHA256_Data	_SHA256_Data
SHA256_End	_SHA256_End
SHA256_FileChunk	_SHA256_FileChunk
SHA256_File	_SHA256_File
SHA256_Final	_SHA256_Final
SHA256_Init	_SHA256_Init
SHA256_Transform	_SHA256_Transform
SHA256_Update	_SHA256_Update
SHA384_Data	_SHA384_Data
SHA384_End	_SHA384_End
SHA384_FileChunk	_SHA384_FileChunk
SHA384_File	_SHA384_File
SHA384_Final	_SHA384_Final
SHA384_Init	_SHA384_Init
SHA384_Transform	_SHA384_Transform
SHA384_Update	_SHA384_Update
SHA512_Data	_SHA512_Data
SHA512_End	_SHA512_End
SHA512_FileChunk	_SHA512_FileChunk
SHA512_File	_SHA512_File
SHA512_Final	_SHA512_Final
SHA512_Init	_SHA512_Init
SHA512_Transform	_SHA512_Transform
SHA512_Update	_SHA512_Update
a64l	_a64l
adjtime	_adjtime
alarm	_alarm
allocaddrinfo	_allocaddrinfo
alphasort	_alphasort
arc4random	_arc4random
arc4random_addrandom	_arc4random_addrandom
arc4random_buf	_arc4random_buf
arc4random_stir	_arc4random_stir
arc4random_uniform	_arc4random_uniform
asctime_r	_asctime_r
asprintf	_asprintf
asprintf_l	_asprintf_l
asysctl	_asysctl
asysctlbyname	_asysctlbyname
atoll	_atoll
authnone_create	_authnone_create
authunix_create	_authunix_create
authunix_create_default	_authunix_create_default
basename	_basename
bindresvport	_bindresvport
bindresvport_sa	_bindresvport_sa
bm_comp	_bm_comp
bm_exec	_bm_exec
bm_free	_bm_free
callrpc	_callrpc
cdbr_close	_cdbr_close
cdbr_find	_cdbr_find
cdbr_get	_cdbr_get
cdbr_open	_cdbr_open
cdbr_open_mem	_cdbr_open_mem
cdbw_close	_cdbw_close
cdbw_open	_cdbw_open
cdbw_put	_cdbw_put
cdbw_put_data	_cdbw_put_data
cdbw_put_key	_cdbw_put_key
cdbw_output	_cdbw_output
cfgetispeed	_cfgetispeed
cfgetospeed	_cfgetospeed
cfmakeraw	_cfmakeraw
cfsetispeed	_cfsetispeed
cfsetospeed	_cfsetospeed
cfsetspeed	_cfsetspeed
cgetcap	_cgetcap
cgetclose	_cgetclose
cgetent	_cgetent
cgetfirst	_cgetfirst
cgetmatch	_cgetmatch
cgetnext	_cgetnext
cgetnum	_cgetnum
cgetset	_cgetset
cgetstr	_cgetstr
cgetustr	_cgetustr
clnt_broadcast	_clnt_broadcast
clnt_create	_clnt_create
clnt_create_vers	_clnt_create_vers
clnt_dg_create	_clnt_dg_create
clnt_pcreateerror	_clnt_pcreateerror
clnt_perrno	_clnt_perrno
clnt_perror	_clnt_perror
clnt_raw_create	_clnt_raw_create
clnt_tli_create	_clnt_tli_create
clnt_tp_create	_clnt_tp_create
clnt_spcreateerror	_clnt_spcreateerror
clnt_sperrno	_clnt_sperrno
clnt_sperror	_clnt_sperror
clnt_vc_create	_clnt_vc_create
clntraw_create	_clntraw_create
clnttcp_create	_clnttcp_create
clntudp_bufcreate	_clntudp_bufcreate
clntudp_create	_clntudp_create
clock_gettime	_clock_gettime
clock_getres	_clock_getres
clock_settime	_clock_settime
closedir	_closedir
closelog	_closelog
closelog_r	_closelog_r
confstr	_confstr
consttime_memequal	_consttime_memequal
csetexpandtc	_csetexpandtc
ctermid	_ctermid
ctime_r	_ctime_r
ctime_rz	_ctime_rz
daemon	_daemon
dbopen	_dbopen
devname	_devname
difftime	_difftime
dirname	_dirname
dn_expand	_dn_expand
dprintf_l	_dprintf_l
drand48	_drand48
duplocale	_duplocale
endfsent	_endfsent
endgrent	_endgrent
endhostent	_endhostent
endnetconfig	_endnetconfig
endnetent	_endnetent
endnetgrent	_endnetgrent
endnetpath	_endnetpath
endprotoent	_endprotoent
endprotoent_r	_endprotoent_r
endpwent	_endpwent
endrpcent	_endrpcent
endservent	_endservent
endservent_r	_endservent_r
endttyent	_endttyent
endusershell	_endusershell
erand48	_erand48
ether_aton	_ether_aton
ether_hostton	_ether_hostton
ether_line	_ether_line
ether_ntoa	_ether_ntoa
ether_ntohost	_ether_ntohost
execl	_execl
execle	_execle
execlp	_execlp
execlpe	_execlpe
execv	_execv
execvp	_execvp
execvpe	_execvpe
explicit_memset	_explicit_memset
fdiscard	_fdiscard
fdopen	_fdopen
fgetln	_fgetln
fgetwln	_fgetwln
fhstatvfs	_fhstatvfs
flockfile	_flockfile
ftrylockfile	_ftrylockfile
funlockfile	_funlockfile
fnmatch	_fnmatch
fparseln	_fparseln
fprintf_l	_fprintf_l
fpgetmask	_fpgetmask
fpgetprec	_fpgetprec
fpgetround	_fpgetround
fpgetsticky	_fpgetsticky
fpsetmask	_fpsetmask
fpsetprec	_fpsetprec
fpsetround	_fpsetround
fpsetsticky	_fpsetsticky
freenetconfigent	_freenetconfigent
freeaddrinfo	_freeaddrinfo
freeifaddrs	_freeifaddrs
freelocale	_freelocale
fscanf_l	_fscanf_l
fstatvfs	_fstatvfs
ftok	_ftok
ftruncate	_ftruncate
fts_children	_fts_children
fts_close	_fts_close
fts_open	_fts_open
fts_read	_fts_read
fts_set	_fts_set
fwprintf_l	_fwprintf_l
fwscanf_l	_fwscanf_l
gai_strerror	_gai_strerror
get_myaddress	_get_myaddress
getaddrinfo	_getaddrinfo
getbsize	_getbsize
getcwd	_getcwd
getdelim	_getdelim
getdevmajor	_getdevmajor
getdiskbyname	_getdiskbyname
getdomainname	_getdomainname
getfsent	_getfsent
getfsfile	_getfsfile
getfsspec	_getfsspec
getgrent	_getgrent
getgrent_r	_getgrent_r
getgrgid	_getgrgid
getgrgid_r	_getgrgid_r
getgrnam	_getgrnam
getgrnam_r	_getgrnam_r
getgrouplist	_getgrouplist
getgroupmembership	_getgroupmembership
gethostbyaddr	_gethostbyaddr
gethostbyname	_gethostbyname
gethostent	_gethostent
gethostname	_gethostname
getifaddrs	_getifaddrs
getline	_getline
getloadavg	_getloadavg
getlogin	_getlogin
getlogin_r	_getlogin_r
getmntinfo	_getmntinfo
getmode	_getmode
getnameinfo	_getnameinfo
getnetbyaddr	_getnetbyaddr
getnetbyname	_getnetbyname
getnetconfig	_getnetconfig
getnetconfigent	_getnetconfigent
getnetent	_getnetent
getnetgrent	_getnetgrent
getnetpath	_getnetpath
getopt	_getopt
getopt_long	_getopt_long
getpagesize	_getpagesize
getpass	_getpass
getpassfd	_getpassfd
getpass_r	_getpass_r
getprogname	_getprogname
getprotobyname	_getprotobyname
getprotobyname_r	_getprotobyname_r
getprotobynumber	_getprotobynumber
getprotobynumber_r	_getprotobynumber_r
getprotoent	_getprotoent
getprotoent_r	_getprotoent_r
getpwent	_getpwent
getpwent_r	_getpwent_r
getpwnam	_getpwnam
getpwnam_r	_getpwnam_r
getpwuid	_getpwuid
getpwuid_r	_getpwuid_r
getrpcbyname	_getrpcbyname
getrpcbyname_r	_getrpcbyname_r
getrpcbynumber	_getrpcbynumber
getrpcbynumber_r	_getrpcbynumber_r
getrpcent	_getrpcent
getrpcent_r	_getrpcent_r
getrpcport	_getrpcport
getservbyname	_getservbyname
getservbyname_r	_getservbyname_r
getservbyport	_getservbyport
getservbyport_r	_getservbyport_r
getservent	_getservent
getservent_r	_getservent_r
getsubopt	_getsubopt
getttyent	_getttyent
getttynam	_getttynam
getusershell	_getusershell
glob	_glob
globfree	_globfree
gmtime_r	_gmtime_r
group_from_gid	_group_from_gid
heapsort	_heapsort
herror	_herror
hes_error	_hes_error
hes_free	_hes_free
hes_init	_hes_init
hes_resolve	_hes_resolve
hes_to_bind	_hes_to_bind
hesiod_end	_hesiod_end
hesiod_free_list	_hesiod_free_list
hesiod_init	_hesiod_init
hesiod_resolve	_hesiod_resolve
hesiod_to_bind	_hesiod_to_bind
iconv	_iconv
iconv_open	_iconv_open
iconv_close	_iconv_close
if_freenameindex	_if_freenameindex
if_indextoname	_if_indextoname
if_nameindex	_if_nameindex
if_nametoindex	_if_nametoindex
in6addr_any	_in6addr_any
in6addr_linklocal_allnodes	_in6addr_linklocal_allnodes
in6addr_linklocal_allrouters	_in6addr_linklocal_allrouters
in6addr_loopback	_in6addr_loopback
in6addr_nodelocal_allnodes	_in6addr_nodelocal_allnodes
inet6_option_alloc	_inet6_option_alloc
inet6_option_append	_inet6_option_append
inet6_option_find	_inet6_option_find
inet6_option_init	_inet6_option_init
inet6_option_next	_inet6_option_next
inet6_option_space	_inet6_option_space
inet6_opt_init	_inet6_opt_init
inet6_opt_append	_inet6_opt_append
inet6_opt_finish	_inet6_opt_finish
inet6_opt_set_val	_inet6_opt_set_val
inet6_opt_next	_inet6_opt_next
inet6_opt_find	_inet6_opt_find
inet6_opt_get_val	_inet6_opt_get_val
inet6_rthdr_add	_inet6_rthdr_add
inet6_rthdr_getaddr	_inet6_rthdr_getaddr
inet6_rthdr_getflags	_inet6_rthdr_getflags
inet6_rthdr_init	_inet6_rthdr_init
inet6_rthdr_lasthop	_inet6_rthdr_lasthop
inet6_rthdr_segments	_inet6_rthdr_segments
inet6_rthdr_space	_inet6_rthdr_space
inet6_rth_space	_inet6_rth_space
inet6_rth_init	_inet6_rth_init
inet6_rth_add	_inet6_rth_add
inet6_rth_reverse	_inet6_rth_reverse
inet6_rth_segments	_inet6_rth_segments
inet6_rth_getaddr	_inet6_rth_getaddr
inet_cidr_ntop	_inet_cidr_ntop
inet_cidr_pton	_inet_cidr_pton
inet_lnaof	_inet_lnaof
inet_makeaddr	_inet_makeaddr
inet_net_ntop	_inet_net_ntop
inet_net_pton	_inet_net_pton
inet_neta	_inet_neta
inet_netof	_inet_netof
inet_network	_inet_network
inet_nsap_addr	_inet_nsap_addr
inet_nsap_ntoa	_inet_nsap_ntoa
inet_ntoa	_inet_ntoa
inet_ntop	_inet_ntop
initgroups	_initgroups
initstate	_initstate
innetgr	_innetgr
isatty	_isatty
jrand48	_jrand48
kill	_kill
l64a	_l64a
l64a_r	_l64a_r
lcong48	_lcong48
llabs	_llabs
lldiv	_lldiv
localtime_r	_localtime_r
localtime_rz	_localtime_rz
lockf	_lockf
lrand48	_lrand48
lseek	_lseek
membar_producer	_membar_producer
mergesort	_mergesort
mi_vector_hash	_mi_vector_hash
mkstemp	_mkstemp
mktime_z	_mktime_z
mmap	_mmap
mpool_close	_mpool_close
mpool_filter	_mpool_filter
mpool_get	_mpool_get
mpool_new	_mpool_new
mpool_open	_mpool_open
mpool_put	_mpool_put
mpool_sync	_mpool_sync
mq_timedreceive	_mq_timedreceive
mq_timedsend	_mq_timedsend
mrand48	_mrand48
murmurhash2	_murmurhash2
nc_perror	_nc_perror
nc_sperror	_nc_sperror
nanosleep	_nanosleep
newlocale	_newlocale
nice	_nice
nlist	_nlist
nl_langinfo_l	_nl_langinfo_l
nrand48	_nrand48
ntp_adjtime	_ntp_adjtime
nsdispatch	_nsdispatch
offtime	_offtime
opendir	_opendir
fdopendir	_fdopendir
openlog	_openlog
openlog_r	_openlog_r
pause	_pause
pclose	_pclose
pmap_getmaps	_pmap_getmaps
pmap_getport	_pmap_getport
pmap_rmtcall	_pmap_rmtcall
pmap_set	_pmap_set
pmap_unset	_pmap_unset
pollts	_pollts
popen	_popen
posix2time	_posix2time
posix2time_z	_posix2time_z
pread	_pread
printf_l	_printf_l
pselect	_pselect
posix_fallocate	_posix_fallocate
psignal	_psignal
pthread_atfork	_pthread_atfork
ptree_init	ptree_init
ptree_insert_node	ptree_insert_node
ptree_insert_mask_node	ptree_insert_mask_node
ptree_find_filtered_node	ptree_find_filtered_node
ptree_remove_node	ptree_remove_node
ptree_iterate	ptree_iterate
putenv	_putenv
pwcache_groupdb	_pwcache_groupdb
pwcache_userdb	_pwcache_userdb
pwrite	_pwrite
qabs	_qabs
qdiv	_qdiv
radixsort	_radixsort
random	_random
randomid	_randomid
randomid_new	_randomid_new
randomid_delete	_randomid_delete
read	_read
readdir	_readdir
readdir_r	_readdir_r
readlink	_readlink
reallocarr	_reallocarr
realpath	_realpath
regcomp	_regcomp
regerror	_regerror
regexec	_regexec
regfree	_regfree
registerrpc	_registerrpc
res_init	_res_init
res_mkquery	_res_mkquery
res_query	_res_query
res_search	_res_search
rewinddir	_rewinddir
rpc_broadcast	_rpc_broadcast
rpc_broadcast_exp	_rpc_broadcast_exp
rpc_call	_rpc_call
rpc_control	_rpc_control
rpc_reg	_rpc_reg
rpcb_getmaps	_rpcb_getmaps
rpcb_gettime	_rpcb_gettime
rpcb_rmtcall	_rpcb_rmtcall
rpcb_set	_rpcb_set
rpcb_taddr2uaddr	_rpcb_taddr2uaddr
rpcb_uaddr2taddr	_rpcb_uaddr2taddr
rpcb_unset	_rpcb_unset
scandir	_scandir
scanf_l	_scanf_l
seed48	_seed48
seekdir	_seekdir
select	_select
send	_send
setdomainname	_setdomainname
setenv	_setenv
setfsent	_setfsent
setgrent	_setgrent
setgroupent	_setgroupent
sethostent	_sethostent
sethostname	_sethostname
setlogin	_setlogin
setlogmask	_setlogmask
setlogmask_r	_setlogmask_r
setmode	_setmode
setnetconfig	_setnetconfig
setnetent	_setnetent
setnetgrent	_setnetgrent
setpassent	_setpassent
setnetpath	_setnetpath
setproctitle	_setproctitle
setprotoent	_setprotoent
setprotoent_r	_setprotoent_r
setpwent	_setpwent
setrpcent	_setrpcent
setservent	_setservent
setservent_r	_setservent_r
setstate	_setstate
setttyent	_setttyent
setttyentpath	_setttyentpath
settimeofday	_settimeofday
setusershell	_setusershell
shm_open	_shm_open
shm_unlink	_shm_unlink
shquote	_shquote
siginterrupt	_siginterrupt
signal	_signal
sigtimedwait	_sigtimedwait
sl_add	_sl_add
sl_create	_sl_create
sl_delete	_sl_delete
sl_find	_sl_find
sl_free	_sl_free
sl_init	_sl_init
sleep	_sleep
snprintf	_snprintf
snprintf_l	_snprintf_l
snprintf_ss	_snprintf_ss
sprintf_l	_sprintf_l
sradixsort	_sradixsort
srand48	_srand48
srandom	_srandom
sscanf_l	_sscanf_l
statvfs(a,	b)
strcasecmp	_strcasecmp
strcoll_l	_strcoll_l
strdup	_strdup
stresep	_stresep
strftime_l	_strftime_l
strftime_lz	_strftime_lz
strftime_z	_strftime_z
strndup	_strndup
strncasecmp	_strncasecmp
strptime	_strptime
strptime_l	_strptime_l
strsep	_strsep
strsignal	_strsignal
strsuftoll	_strsuftoll
strsuftollx	_strsuftollx
strtok_r	_strtok_r
strnunvisx	_strnunvisx
strvisx	_strvisx
strxfrm_l	_strxfrm_l
svc_auth_reg	_svc_auth_reg
svc_create	_svc_create
svc_dg_create	_svc_dg_create
svc_exit	_svc_exit
svc_fd_create	_svc_fd_create
svc_getreq	_svc_getreq
svc_getreqset	_svc_getreqset
svc_getreq_common	_svc_getreq_common
svc_raw_create	_svc_raw_create
svc_register	_svc_register
svc_reg	_svc_reg
svc_run	_svc_run
svc_sendreply	_svc_sendreply
svc_tli_create	_svc_tli_create
svc_tp_create	_svc_tp_create
svc_unregister	_svc_unregister
svc_unreg	_svc_unreg
svc_vc_create	_svc_vc_create
svcerr_auth	_svcerr_auth
svcerr_decode	_svcerr_decode
svcerr_noproc	_svcerr_noproc
svcerr_noprog	_svcerr_noprog
svcerr_progvers	_svcerr_progvers
svcerr_systemerr	_svcerr_systemerr
svcerr_weakauth	_svcerr_weakauth
svcfd_create	_svcfd_create
svcraw_create	_svcraw_create
svctcp_create	_svctcp_create
svcudp_bufcreate	_svcudp_bufcreate
svcudp_create	_svcudp_create
svcudp_enablecache	_svcudp_enablecache
sysarch	_sys_sysarch
swprintf_l	_swprintf_l
swscanf_l	_swscanf_l
sysctl	_sysctl
sysctlbyname	_sysctlbyname
sysctlgetmibinfo	_sysctlgetmibinfo
sysctlnametomib	_sysctlnametomib
syslog	_syslog
syslog_r	_syslog_r
syslog_ss	_syslog_ss
syslogp	_syslogp
syslogp_r	_syslogp_r
syslogp_ss	_syslogp_ss
taddr2uaddr	_taddr2uaddr
tcdrain	_tcdrain
tcflow	_tcflow
tcflush	_tcflush
tcgetattr	_tcgetattr
tcgetpgrp	_tcgetpgrp
tcgetsid	_tcgetsid
tcsendbreak	_tcsendbreak
tcsetattr	_tcsetattr
tcsetpgrp	_tcsetpgrp
telldir	_telldir
time	_time
time2posix	_time2posix
timegm	_timegm
timelocal	_timelocal
timeoff	_timeoff
times	_times
ttyname	_ttyname
ttyname_r	_ttyname_r
ttyslot	_ttyslot
tzname	_tzname
tzset	_tzset
tzsetwall	_tzsetwall
uaddr2taddr	_uaddr2taddr
ualarm	_ualarm
uname	_uname
unsetenv	_unsetenv
user_from_uid	_user_from_uid
usleep	_usleep
utime	_utime
uuid_create_nil	_uuid_create_nil
uuid_is_nil	_uuid_is_nil
valloc	_valloc
vasprintf	_vasprintf
vasprintf_l	_vasprintf_l
vdprintf	_vdprintf
vsnprintf	_vsnprintf
vdprintf_l	_vdprintf_l
vdprintf_l	_vdprintf_l
vfprintf_l	_vfprintf_l
vfwprintf_l	_vfwprintf_l
vprintf_l	_vprintf_l
vscanf_l	_vscanf_l
vsscanf_l	_vsscanf_l
vswscanf_l	_vswscanf_l
vsnprintf_l	_vsnprintf_l
vsnprintf_ss	_vsnprintf_ss
vsprintf_l	_vsprintf_l
vswprintf_l	_vswprintf_l
vwprintf_l	_vwprintf_l
vwscanf_l	_vwscanf_l
vsyslog	_vsyslog
vsyslog_r	_vsyslog_r
vsyslog_ss	_vsyslog_ss
vsyslogp	_vsyslogp
vsyslogp_r	_vsyslogp_r
vsyslogp_ss	_vsyslogp_ss
wait	_wait
wait3	_wait3
wait4	_wait4
waitid	_waitid
waitpid	_waitpid
wcscasecmp	_wcscasecmp
wcscasecmp_l	_wcscasecmp_l
wcsdup	_wcsdup
wcsftime_l	_wcsftime_l
wcsncasecmp	_wcsncasecmp
wcsncasecmp_l	_wcsncasecmp_l
wcstof	_wcstof
wcstof_l	_wcstof_l
wcstod	_wcstod
wcstod_l	_wcstod_l
wcstold	_wcstold
wcstold_l	_wcstold_l
wcwidth	_wcwidth
wcwidth_l	_wcwidth_l
wprintf_l	_wprintf_l
wscanf_l	_wscanf_l
xdr_accepted_reply	_xdr_accepted_reply
xdr_array	_xdr_array
xdr_authunix_parms	_xdr_authunix_parms
xdr_bool	_xdr_bool
xdr_bytes	_xdr_bytes
xdr_callhdr	_xdr_callhdr
xdr_callmsg	_xdr_callmsg
xdr_char	_xdr_char
xdr_datum	_xdr_datum
xdr_des_block	_xdr_des_block
xdr_domainname	_xdr_domainname
xdr_double	_xdr_double
xdr_enum	_xdr_enum
xdr_float	_xdr_float
xdr_free	_xdr_free
xdr_hyper	_xdr_hyper
xdr_int	_xdr_int
xdr_int16_t	_xdr_int16_t
xdr_int32_t	_xdr_int32_t
xdr_int64_t	_xdr_int64_t
xdr_long	_xdr_long
xdr_longlong_t	_xdr_longlong_t
xdr_mapname	_xdr_mapname
xdr_netbuf	_xdr_netbuf
xdr_netobj	_xdr_netobj
xdr_opaque	_xdr_opaque
xdr_opaque_auth	_xdr_opaque_auth
xdr_peername	_xdr_peername
xdr_pmap	_xdr_pmap
xdr_pmaplist	_xdr_pmaplist
xdr_pointer	_xdr_pointer
xdr_reference	_xdr_reference
xdr_rejected_reply	_xdr_rejected_reply
xdr_replymsg	_xdr_replymsg
xdr_rmtcall_args	_xdr_rmtcall_args
xdr_rmtcallres	_xdr_rmtcallres
xdr_rpcb	_xdr_rpcb
xdr_rpcb_entry	_xdr_rpcb_entry
xdr_rpcb_entry_list_ptr	_xdr_rpcb_entry_list_ptr
xdr_rpcb_rmtcallargs	_xdr_rpcb_rmtcallargs
xdr_rpcb_rmtcallres	_xdr_rpcb_rmtcallres
xdr_rpcb_stat	_xdr_rpcb_stat
xdr_rpcb_stat_byvers	_xdr_rpcb_stat_byvers
xdr_rpcblist	_xdr_rpcblist
xdr_rpcblist_ptr	_xdr_rpcblist_ptr
xdr_rpcbs_addrlist	_xdr_rpcbs_addrlist
xdr_rpcbs_addrlist_ptr	_xdr_rpcbs_addrlist_ptr
xdr_rpcbs_proc	_xdr_rpcbs_proc
xdr_rpcbs_rmtcalllist	_xdr_rpcbs_rmtcalllist
xdr_rpcbs_rmtcalllist_ptr	_xdr_rpcbs_rmtcalllist_ptr
xdr_rpcbs	_xdr_rpcbs
xdr_rpcbs	_xdr_rpcbs
xdr_short	_xdr_short
xdr_sizeof	_xdr_sizeof
xdr_string	_xdr_string
xdr_u_char	_xdr_u_char
xdr_u_hyper	_xdr_u_hyper
xdr_u_int	_xdr_u_int
xdr_u_int16_t	_xdr_u_int16_t
xdr_u_int32_t	_xdr_u_int32_t
xdr_u_int64_t	_xdr_u_int64_t
xdr_u_long	_xdr_u_long
xdr_u_longlong_t	_xdr_u_longlong_t
xdr_u_short	_xdr_u_short
xdr_union	_xdr_union
xdr_vector	_xdr_vector
xdr_void	_xdr_void
xdr_wrapstring	_xdr_wrapstring
xdr_yp_inaddr	_xdr_yp_inaddr
xdr_ypall	_xdr_ypall
xdr_ypbind_resp	_xdr_ypbind_resp
xdr_ypbind_setdom	_xdr_ypbind_setdom
xdr_ypdomain_wrap_string	_xdr_ypdomain_wrap_string
xdr_ypmap_parms	_xdr_ypmap_parms
xdr_ypmap_wrap_string	_xdr_ypmap_wrap_string
xdr_ypmaplist	_xdr_ypmaplist
xdr_ypowner_wrap_string	_xdr_ypowner_wrap_string
xdr_yppushresp_xfr	_xdr_yppushresp_xfr
xdr_ypreq_key	_xdr_ypreq_key
xdr_ypreq_nokey	_xdr_ypreq_nokey
xdr_ypreq_xfr	_xdr_ypreq_xfr
xdr_ypresp_key_val	_xdr_ypresp_key_val
xdr_ypresp_maplist	_xdr_ypresp_maplist
xdr_ypresp_master	_xdr_ypresp_master
xdr_ypresp_order	_xdr_ypresp_order
xdr_ypresp_val	_xdr_ypresp_val
xdrmem_create	_xdrmem_create
xdrrec_create	_xdrrec_create
xdrrec_endofrecord	_xdrrec_endofrecord
xdrrec_eof	_xdrrec_eof
xdrrec_skiprecord	_xdrrec_skiprecord
xdrstdio_create	_xdrstdio_create
xprt_register	_xprt_register
xprt_unregister	_xprt_unregister
yp_all	_yp_all
yp_bind	_yp_bind
yp_first	_yp_first
yp_get_default_domain	_yp_get_default_domain
yp_maplist	_yp_maplist
yp_master	_yp_master
yp_match	_yp_match
yp_next	_yp_next
yp_order	_yp_order
yp_unbind	_yp_unbind
yperr_string	_yperr_string
ypprot_err	_ypprot_err
yp_setbindtries	_yp_setbindtries
dlopen	__dlopen
dlclose	__dlclose
dlsym	__dlsym
dlerror	__dlerror
dladdr	__dladdr
fmtcheck	__fmtcheck
rb_tree_init	_rb_tree_init
rb_tree_find_node	_rb_tree_find_node
rb_tree_find_node_geq	_rb_tree_find_node_geq
rb_tree_find_node_leq	_rb_tree_find_node_leq
rb_tree_insert_node	_rb_tree_insert_node
rb_tree_remove_node	_rb_tree_remove_node
rb_tree_iterate	_rb_tree_iterate
rb_tree_check	_rb_tree_check
rb_tree_depths	_rb_tree_depths
authdes_lock	__rpc_authdes_lock
authnone_lock	__rpc_authnone_lock
authsvc_lock	__rpc_authsvc_lock
clnt_fd_lock	__rpc_clnt_fd_lock
clntraw_lock	__rpc_clntraw_lock
dname_lock	__rpc_dname_lock
dupreq_lock	__rpc_dupreq_lock
keyserv_lock	__rpc_keyserv_lock
libnsl_trace_lock	__rpc_libnsl_trace_lock
loopnconf_lock	__rpc_loopnconf_lock
ops_lock	__rpc_ops_lock
portnum_lock	__rpc_portnum_lock
proglst_lock	__rpc_proglst_lock
rpcbaddr_cache_lock	__rpc_rpcbaddr_cache_lock
rpcsoc_lock	__rpc_rpcsoc_lock
svc_fd_lock	__rpc_svc_fd_lock
svc_lock	__rpc_svc_lock
svcraw_lock	__rpc_svcraw_lock
xprtlist_lock	__rpc_xprtlist_lock
__learn_tree	___learn_tree
