_sys_accept _accept
_sys___aio_suspend50 ___aio_suspend50
_sys_close _close
_sys_connect _connect
_sys_execve _execve
_sys_fcntl _fcntl
_sys_fdatasync _fdatasync
_sys_fsync _fsync
_sys_fsync_range _fsync_range
_sys___kevent50 ___kevent50
_sys_kill _kill
_sys_mq_receive _mq_receive
_sys_mq_send _mq_send
_sys___mq_timedreceive50 ___mq_timedreceive50
_sys___mq_timedsend50 ___mq_timedsend50
_sys_msgrcv _msgrcv
_sys_msgsnd _msgsnd
_sys___msync13 ___msync13
_sys___nanosleep50 ___nanosleep50
_sys_open _open
_sys_poll _poll
_sys___pollts50 ___pollts50
_sys___pselect50 ___pselect50
_sys_read _read
_sys_readlink _readlink
_sys_readv _readv
_sys__sched_setparam __sched_setparam
_sys__sched_getparam __sched_getparam
_sys__sched_setaffinity __sched_setaffinity
_sys__sched_getaffinity __sched_getaffinity
_sys_sched_yield _sched_yield
_sys__sched_protect __sched_protect
_sys___select50 ___select50
_sys_setcontext _setcontext
_sys___sigprocmask14 ___sigprocmask14
_sys___sigsuspend14 ___sigsuspend14
_sys_sysarch _sysarch
_sys___wait450 ___wait450
_sys_wait6 _wait6
_sys_write _write
_sys_writev _writev
